---
source: src/app.rs
expression: app.tui.backend()
---
"                                                                                "
"                                                                                "
"                                                                                "
"                                                                                "
"                                                                                "
"                                                                                "
"                                                                                "
"                                                                                "
"                __  __               _   ______  _                              "
"               |  \/  |             | | |  ____|| |                             "
"               | \  / |  ___   __ _ | | | |__   | |  ___ __      __             "
"               | |\/| | / _ \ / _` || | |  __|  | | / _ \\ \ /\ / /             "
"               | |  | ||  __/| (_| || | | |     | || (_) |\ V  V /              "
"               |_|  |_| \___| \__,_||_| |_|     |_| \___/  \_/\_/               "
"                                                                                "
"                                                                                "
"                                                                                "
"                                                                                "
"                                                                                "
"                                                                                "
"                                                                                "
"                                                                                "
"╭──────────────────────────────────────────────────────────────────────────────╮"
"│ Go to transactions page: T | Quit: q | Show help: ?                          │"
"╰──────────────────────────────────────────────────────────────────────────────╯"
