---
source: src/page/home.rs
expression: terminal.backend()
---
"                                                                                                    "
"                                                                                                    "
"                                                                                                    "
"                                                                                                    "
"                                                                                                    "
"                                                                                                    "
"                                                                                                    "
"                                                                                                    "
"     __   __     _  _______  _    _          __  __               _   ______  _                     "
"     \ \ / /    | ||__   __|| |  | |        |  \/  |             | | |  ____|| |                    "
"      \ V /     | |   | |   | |  | | ______ | \  / |  ___   __ _ | | | |__   | |  ___ __      __    "
"       > <  _   | |   | |   | |  | ||______|| |\/| | / _ \ / _` || | |  __|  | | / _ \\ \ /\ / /    "
"      / . \| |__| |   | |   | |__| |        | |  | ||  __/| (_| || | | |     | || (_) |\ V  V /     "
"     /_/ \_\\____/    |_|    \____/         |_|  |_| \___| \__,_||_| |_|     |_| \___/  \_/\_/      "
"                                                                                                    "
"                                                                                                    "
"                                                                                                    "
"                                                                                                    "
"                                                                                                    "
"                                                                                                    "
"                                                                                                    "
"                                                                                                    "
"╭──────────────────────────────────────────────────────────────────────────────────────────────────╮"
"│ Go to transactions page: T | Quit: q | Show help: ?                                              │"
"╰──────────────────────────────────────────────────────────────────────────────────────────────────╯"
